[INFO] Scanning for projects...
[INFO] 
[INFO] ---------------< com.dispatch_service:dispatch_service >----------------
[INFO] Building dispatch_service 0.0.1-SNAPSHOT
[INFO]   from pom.xml
[INFO] --------------------------------[ jar ]---------------------------------
[INFO] 
[INFO] >>> spring-boot:4.1.0:run (default-cli) > test-compile @ dispatch_service >>>
[INFO] 
[INFO] --- resources:3.5.0:resources (default-resources) @ dispatch_service ---
[INFO] Copying 1 resource from src/main/resources to target/classes
[INFO] Copying 0 resource from src/main/resources to target/classes
[INFO] 
[INFO] --- compiler:3.13.0:compile (default-compile) @ dispatch_service ---
[INFO] Nothing to compile - all classes are up to date.
[INFO] 
[INFO] --- resources:3.5.0:testResources (default-testResources) @ dispatch_service ---
[INFO] skip non existing resourceDirectory /Users/puneetagnihotri/Desktop/RAKSHAK/dispatch_service/src/test/resources
[INFO] 
[INFO] --- compiler:3.13.0:testCompile (default-testCompile) @ dispatch_service ---
[INFO] Nothing to compile - all classes are up to date.
[INFO] 
[INFO] <<< spring-boot:4.1.0:run (default-cli) < test-compile @ dispatch_service <<<
[INFO] 
[INFO] 
[INFO] --- spring-boot:4.1.0:run (default-cli) @ dispatch_service ---
[INFO] Attaching agents: []

  .   ____          _            __ _ _
 /\\ / ___'_ __ _ _(_)_ __  __ _ \ \ \ \
( ( )\___ | '_ | '_| | '_ \/ _` | \ \ \ \
 \\/  ___)| |_)| | | | | || (_| |  ) ) ) )
  '  |____| .__|_| |_|_| |_\__, | / / / /
 =========|_|==============|___/=/_/_/_/

 :: Spring Boot ::                (v4.1.0)

2026-07-02T11:06:07.647+05:30  INFO 11944 --- [dispatch-service] [           main] c.d.DispatchServiceApplication           : Starting DispatchServiceApplication using Java 25.0.1 with PID 11944 (/Users/puneetagnihotri/Desktop/RAKSHAK/dispatch_service/target/classes started by puneetagnihotri in /Users/puneetagnihotri/Desktop/RAKSHAK/dispatch_service)
2026-07-02T11:06:07.648+05:30  INFO 11944 --- [dispatch-service] [           main] c.d.DispatchServiceApplication           : No active profile set, falling back to 1 default profile: "default"
2026-07-02T11:06:07.675+05:30 DEBUG 11944 --- [dispatch-service] [           main] o.s.b.f.s.DefaultListableBeanFactory     : Creating shared instance of singleton bean 'org.springframework.context.annotation.internalConfigurationAnnotationProcessor'
2026-07-02T11:06:07.680+05:30 DEBUG 11944 --- [dispatch-service] [           main] o.s.b.f.s.DefaultListableBeanFactory     : Creating shared instance of singleton bean 'org.springframework.boot.autoconfigure.internalCachingMetadataReaderFactory'
2026-07-02T11:06:08.045+05:30  INFO 11944 --- [dispatch-service] [           main] .s.d.r.c.RepositoryConfigurationDelegate : Bootstrapping Spring Data JPA repositories in DEFAULT mode.
2026-07-02T11:06:08.050+05:30 DEBUG 11944 --- [dispatch-service] [           main] o.s.b.f.s.DefaultListableBeanFactory     : Creating shared instance of singleton bean 'org.springframework.boot.autoconfigure.AutoConfigurationPackages'
2026-07-02T11:06:08.120+05:30  INFO 11944 --- [dispatch-service] [           main] .s.d.r.c.RepositoryConfigurationDelegate : Finished Spring Data repository scanning in 71 ms. Found 3 JPA repository interfaces.
2026-07-02T11:06:08.189+05:30 DEBUG 11944 --- [dispatch-service] [           main] o.s.b.f.s.DefaultListableBeanFactory     : Creating shared instance of singleton bean 'refreshScope'
2026-07-02T11:06:08.190+05:30 DEBUG 11944 --- [dispatch-service] [           main] o.s.b.f.s.DefaultListableBeanFactory     : Creating shared instance of singleton bean 'org.springframework.cloud.autoconfigure.RefreshAutoConfiguration$RefreshScopeBeanDefinitionEnhancer'
2026-07-02T11:06:08.247+05:30  INFO 11944 --- [dispatch-service] [           main] o.s.cloud.context.scope.GenericScope     : BeanFactory id=e602249b-d391-356a-8dfa-2f5a6dce3127
2026-07-02T11:06:08.247+05:30 DEBUG 11944 --- [dispatch-service] [           main] o.s.b.f.s.DefaultListableBeanFactory     : Creating shared instance of singleton bean 'propertySourcesPlaceholderConfigurer'
2026-07-02T11:06:08.249+05:30 DEBUG 11944 --- [dispatch-service] [           main] o.s.b.f.s.DefaultListableBeanFactory     : Creating shared instance of singleton bean 'org.springframework.boot.sql.init.dependency.DatabaseInitializationDependencyConfigurer$DependsOnDatabaseInitializationPostProcessor'
2026-07-02T11:06:08.262+05:30 DEBUG 11944 --- [dispatch-service] [           main] o.s.b.f.s.DefaultListableBeanFactory     : Creating shared instance of singleton bean 'org.springframework.context.event.internalEventListenerProcessor'
2026-07-02T11:06:08.262+05:30 DEBUG 11944 --- [dispatch-service] [           main] o.s.b.f.s.DefaultListableBeanFactory     : Creating shared instance of singleton bean 'bootstrapExecutorAliasPostProcessor'
2026-07-02T11:06:08.263+05:30 DEBUG 11944 --- [dispatch-service] [           main] o.s.b.f.s.DefaultListableBeanFactory     : Creating shared instance of singleton bean 'preserveErrorControllerTargetClassPostProcessor'
2026-07-02T11:06:08.263+05:30 DEBUG 11944 --- [dispatch-service] [           main] o.s.b.f.s.DefaultListableBeanFactory     : Creating shared instance of singleton bean 'org.springframework.context.event.internalEventListenerFactory'
2026-07-02T11:06:08.263+05:30 DEBUG 11944 --- [dispatch-service] [           main] o.s.b.f.s.DefaultListableBeanFactory     : Creating shared instance of singleton bean 'org.springframework.transaction.config.internalTransactionalEventListenerFactory'
2026-07-02T11:06:08.264+05:30 DEBUG 11944 --- [dispatch-service] [           main] o.s.b.f.s.DefaultListableBeanFactory     : Creating shared instance of singleton bean 'org.springframework.context.annotation.internalAutowiredAnnotationProcessor'
2026-07-02T11:06:08.265+05:30 DEBUG 11944 --- [dispatch-service] [           main] o.s.b.f.s.DefaultListableBeanFactory     : Creating shared instance of singleton bean 'org.springframework.context.annotation.internalCommonAnnotationProcessor'
2026-07-02T11:06:08.266+05:30 DEBUG 11944 --- [dispatch-service] [           main] o.s.b.f.s.DefaultListableBeanFactory     : Creating shared instance of singleton bean 'org.springframework.context.annotation.internalPersistenceAnnotationProcessor'
2026-07-02T11:06:08.266+05:30 DEBUG 11944 --- [dispatch-service] [           main] o.s.b.f.s.DefaultListableBeanFactory     : Creating shared instance of singleton bean 'org.springframework.boot.context.properties.ConfigurationPropertiesBindingPostProcessor'
2026-07-02T11:06:08.266+05:30 DEBUG 11944 --- [dispatch-service] [           main] o.s.b.f.s.DefaultListableBeanFactory     : Creating shared instance of singleton bean 'org.springframework.boot.context.internalConfigurationPropertiesBinder'
2026-07-02T11:06:08.267+05:30 DEBUG 11944 --- [dispatch-service] [           main] o.s.b.f.s.DefaultListableBeanFactory     : Creating shared instance of singleton bean 'jdbcConnectionDetailsHikariBeanPostProcessor'
2026-07-02T11:06:08.268+05:30 DEBUG 11944 --- [dispatch-service] [           main] o.s.b.f.s.DefaultListableBeanFactory     : Creating shared instance of singleton bean 'methodValidationPostProcessor'
2026-07-02T11:06:08.269+05:30 DEBUG 11944 --- [dispatch-service] [           main] o.s.b.f.s.DefaultListableBeanFactory     : Autowiring by type from bean name 'methodValidationPostProcessor' via factory method to bean named 'environment'
2026-07-02T11:06:08.275+05:30 DEBUG 11944 --- [dispatch-service] [           main] o.s.b.f.s.DefaultListableBeanFactory     : Creating shared instance of singleton bean 'org.springframework.boot.context.properties.EnableConfigurationPropertiesRegistrar.methodValidationExcludeFilter'
2026-07-02T11:06:08.278+05:30 DEBUG 11944 --- [dispatch-service] [           main] o.s.b.f.s.DefaultListableBeanFactory     : Creating shared instance of singleton bean 'org.springframework.aop.framework.autoproxy.defaultProxyConfig'
2026-07-02T11:06:08.283+05:30 DEBUG 11944 --- [dispatch-service] [           main] o.s.b.f.s.DefaultListableBeanFactory     : Creating shared instance of singleton bean 'org.springframework.amqp.rabbit.config.internalRabbitListenerAnnotationProcessor'
2026-07-02T11:06:08.286+05:30 DEBUG 11944 --- [dispatch-service] [           main] o.s.b.f.s.DefaultListableBeanFactory     : Creating shared instance of singleton bean 'org.springframework.aop.config.internalAutoProxyCreator'
2026-07-02T11:06:08.292+05:30 DEBUG 11944 --- [dispatch-service] [           main] o.s.b.f.s.DefaultListableBeanFactory     : Creating shared instance of singleton bean 'persistenceExceptionTranslationPostProcessor'
2026-07-02T11:06:08.292+05:30 DEBUG 11944 --- [dispatch-service] [           main] o.s.b.f.s.DefaultListableBeanFactory     : Autowiring by type from bean name 'persistenceExceptionTranslationPostProcessor' via factory method to bean named 'environment'
2026-07-02T11:06:08.293+05:30 DEBUG 11944 --- [dispatch-service] [           main] o.s.b.f.s.DefaultListableBeanFactory     : Creating shared instance of singleton bean 'projectingArgumentResolverBeanPostProcessor'
2026-07-02T11:06:08.294+05:30 DEBUG 11944 --- [dispatch-service] [           main] o.s.b.f.s.DefaultListableBeanFactory     : Creating shared instance of singleton bean 'org.springframework.transaction.config.internalTransactionAdvisor'
2026-07-02T11:06:08.294+05:30 DEBUG 11944 --- [dispatch-service] [           main] o.s.b.f.s.DefaultListableBeanFactory     : Creating shared instance of singleton bean 'org.springframework.transaction.annotation.ProxyTransactionManagementConfiguration'
2026-07-02T11:06:08.369+05:30 DEBUG 11944 --- [dispatch-service] [           main] o.s.b.f.s.DefaultListableBeanFactory     : Creating shared instance of singleton bean 'transactionAttributeSource'
2026-07-02T11:06:08.374+05:30 DEBUG 11944 --- [dispatch-service] [           main] o.s.b.f.s.DefaultListableBeanFactory     : Creating shared instance of singleton bean 'transactionInterceptor'
2026-07-02T11:06:08.374+05:30 DEBUG 11944 --- [dispatch-service] [           main] o.s.b.f.s.DefaultListableBeanFactory     : Autowiring by type from bean name 'transactionInterceptor' via factory method to bean named 'transactionAttributeSource'
2026-07-02T11:06:08.377+05:30 DEBUG 11944 --- [dispatch-service] [           main] o.s.b.f.s.DefaultListableBeanFactory     : Autowiring by type from bean name 'org.springframework.transaction.config.internalTransactionAdvisor' via factory method to bean named 'transactionAttributeSource'
2026-07-02T11:06:08.377+05:30 DEBUG 11944 --- [dispatch-service] [           main] o.s.b.f.s.DefaultListableBeanFactory     : Autowiring by type from bean name 'org.springframework.transaction.config.internalTransactionAdvisor' via factory method to bean named 'transactionInterceptor'
2026-07-02T11:06:08.388+05:30 DEBUG 11944 --- [dispatch-service] [           main] o.s.b.f.s.DefaultListableBeanFactory     : Creating shared instance of singleton bean 'webServerFactoryCustomizerBeanPostProcessor'
2026-07-02T11:06:08.388+05:30 DEBUG 11944 --- [dispatch-service] [           main] o.s.b.f.s.DefaultListableBeanFactory     : Creating shared instance of singleton bean 'errorPageRegistrarBeanPostProcessor'
2026-07-02T11:06:08.388+05:30 DEBUG 11944 --- [dispatch-service] [           main] o.s.b.f.s.DefaultListableBeanFactory     : Creating shared instance of singleton bean 'configurationPropertiesBeans'
2026-07-02T11:06:08.390+05:30 DEBUG 11944 --- [dispatch-service] [           main] o.s.b.f.s.DefaultListableBeanFactory     : Creating shared instance of singleton bean 'lbRestClientPostProcessor'
2026-07-02T11:06:08.390+05:30 DEBUG 11944 --- [dispatch-service] [           main] o.s.b.f.s.DefaultListableBeanFactory     : Autowiring by type from bean name 'lbRestClientPostProcessor' via factory method to bean named 'org.springframework.boot.web.server.servlet.context.AnnotationConfigServletWebServerApplicationContext@788fcafb'
2026-07-02T11:06:08.394+05:30 DEBUG 11944 --- [dispatch-service] [           main] o.s.b.f.s.DefaultListableBeanFactory     : Creating shared instance of singleton bean 'tomcatServletWebServerFactory'
2026-07-02T11:06:08.394+05:30 DEBUG 11944 --- [dispatch-service] [           main] o.s.b.f.s.DefaultListableBeanFactory     : Creating shared instance of singleton bean 'org.springframework.boot.tomcat.autoconfigure.servlet.TomcatServletWebServerAutoConfiguration'
2026-07-02T11:06:08.394+05:30 DEBUG 11944 --- [dispatch-service] [           main] o.s.b.f.s.DefaultListableBeanFactory     : Creating shared instance of singleton bean 'server.tomcat-org.springframework.boot.tomcat.autoconfigure.TomcatServerProperties'
2026-07-02T11:06:08.396+05:30 DEBUG 11944 --- [dispatch-service] [           main] o.s.b.f.s.DefaultListableBeanFactory     : Creating shared instance of singleton bean 'org.springframework.boot.context.properties.BoundConfigurationProperties'
2026-07-02T11:06:08.398+05:30 DEBUG 11944 --- [dispatch-service] [           main] o.s.b.f.s.DefaultListableBeanFactory     : Creating shared instance of singleton bean 'defaultsBindHandlerAdvisor'
2026-07-02T11:06:08.398+05:30 DEBUG 11944 --- [dispatch-service] [           main] o.s.b.f.s.DefaultListableBeanFactory     : Creating shared instance of singleton bean 'org.springframework.cloud.commons.config.CommonsConfigAutoConfiguration'
2026-07-02T11:06:08.401+05:30 DEBUG 11944 --- [dispatch-service] [           main] o.s.b.f.s.DefaultListableBeanFactory     : Creating shared instance of singleton bean 'loadBalancerClientsDefaultsMappingsProvider'
2026-07-02T11:06:08.401+05:30 DEBUG 11944 --- [dispatch-service] [           main] o.s.b.f.s.DefaultListableBeanFactory     : Creating shared instance of singleton bean 'org.springframework.cloud.client.loadbalancer.LoadBalancerDefaultMappingsProviderAutoConfiguration'
2026-07-02T11:06:08.404+05:30 DEBUG 11944 --- [dispatch-service] [           main] o.s.b.f.s.DefaultListableBeanFactory     : Autowiring by type from bean name 'defaultsBindHandlerAdvisor' via factory method to bean named 'loadBalancerClientsDefaultsMappingsProvider'
2026-07-02T11:06:08.411+05:30 DEBUG 11944 --- [dispatch-service] [           main] o.s.b.f.s.DefaultListableBeanFactory     : Autowiring by type from bean name 'org.springframework.boot.tomcat.autoconfigure.servlet.TomcatServletWebServerAutoConfiguration' via constructor to bean named 'server.tomcat-org.springframework.boot.tomcat.autoconfigure.TomcatServerProperties'
2026-07-02T11:06:08.425+05:30 DEBUG 11944 --- [dispatch-service] [           main] o.s.b.f.s.DefaultListableBeanFactory     : Creating shared instance of singleton bean 'servletWebServerFactoryCustomizer'
2026-07-02T11:06:08.425+05:30 DEBUG 11944 --- [dispatch-service] [           main] o.s.b.f.s.DefaultListableBeanFactory     : Creating shared instance of singleton bean 'org.springframework.boot.web.server.autoconfigure.servlet.ServletWebServerConfiguration'
2026-07-02T11:06:08.426+05:30 DEBUG 11944 --- [dispatch-service] [           main] o.s.b.f.s.DefaultListableBeanFactory     : Creating shared instance of singleton bean 'server-org.springframework.boot.web.server.autoconfigure.ServerProperties'
2026-07-02T11:06:08.430+05:30 DEBUG 11944 --- [dispatch-service] [           main] o.s.b.f.s.DefaultListableBeanFactory     : Autowiring by type from bean name 'servletWebServerFactoryCustomizer' via factory method to bean named 'server-org.springframework.boot.web.server.autoconfigure.ServerProperties'
2026-07-02T11:06:08.432+05:30 DEBUG 11944 --- [dispatch-service] [           main] o.s.b.f.s.DefaultListableBeanFactory     : Creating shared instance of singleton bean 'sslBundleRegistry'
2026-07-02T11:06:08.432+05:30 DEBUG 11944 --- [dispatch-service] [           main] o.s.b.f.s.DefaultListableBeanFactory     : Creating shared instance of singleton bean 'org.springframework.boot.autoconfigure.ssl.SslAutoConfiguration'
2026-07-02T11:06:08.432+05:30 DEBUG 11944 --- [dispatch-service] [           main] o.s.b.f.s.DefaultListableBeanFactory     : Creating shared instance of singleton bean 'spring.ssl-org.springframework.boot.autoconfigure.ssl.SslProperties'
2026-07-02T11:06:08.433+05:30 DEBUG 11944 --- [dispatch-service] [           main] o.s.b.f.s.DefaultListableBeanFactory     : Autowiring by type from bean name 'org.springframework.boot.autoconfigure.ssl.SslAutoConfiguration' via constructor to bean named 'org.springframework.boot.web.server.servlet.context.AnnotationConfigServletWebServerApplicationContext@788fcafb'
2026-07-02T11:06:08.433+05:30 DEBUG 11944 --- [dispatch-service] [           main] o.s.b.f.s.DefaultListableBeanFactory     : Autowiring by type from bean name 'org.springframework.boot.autoconfigure.ssl.SslAutoConfiguration' via constructor to bean named 'spring.ssl-org.springframework.boot.autoconfigure.ssl.SslProperties'
2026-07-02T11:06:08.435+05:30 DEBUG 11944 --- [dispatch-service] [           main] o.s.b.f.s.DefaultListableBeanFactory     : Creating shared instance of singleton bean 'sslPropertiesSslBundleRegistrar'
2026-07-02T11:06:08.435+05:30 DEBUG 11944 --- [dispatch-service] [           main] o.s.b.f.s.DefaultListableBeanFactory     : Creating shared instance of singleton bean 'fileWatcher'
2026-07-02T11:06:08.436+05:30 DEBUG 11944 --- [dispatch-service] [           main] o.s.b.f.s.DefaultListableBeanFactory     : Autowiring by type from bean name 'sslPropertiesSslBundleRegistrar' via factory method to bean named 'fileWatcher'
2026-07-02T11:06:08.442+05:30 DEBUG 11944 --- [dispatch-service] [           main] o.s.b.f.s.DefaultListableBeanFactory     : Creating shared instance of singleton bean 'webSocketWebServerCustomizer'
2026-07-02T11:06:08.442+05:30 DEBUG 11944 --- [dispatch-service] [           main] o.s.b.f.s.DefaultListableBeanFactory     : Creating shared instance of singleton bean 'org.springframework.boot.tomcat.autoconfigure.TomcatWebServerConfiguration$TomcatWebSocketConfiguration'
2026-07-02T11:06:08.443+05:30 DEBUG 11944 --- [dispatch-service] [           main] o.s.b.f.s.DefaultListableBeanFactory     : Creating shared instance of singleton bean 'tomcatWebServerFactoryCustomizer'
2026-07-02T11:06:08.443+05:30 DEBUG 11944 --- [dispatch-service] [           main] o.s.b.f.s.DefaultListableBeanFactory     : Creating shared instance of singleton bean 'org.springframework.boot.tomcat.autoconfigure.TomcatWebServerConfiguration'
2026-07-02T11:06:08.444+05:30 DEBUG 11944 --- [dispatch-service] [           main] o.s.b.f.s.DefaultListableBeanFactory     : Creating shared instance of singleton bean 'spring.web-org.springframework.boot.autoconfigure.web.WebProperties'
2026-07-02T11:06:08.446+05:30 DEBUG 11944 --- [dispatch-service] [           main] o.s.b.f.s.DefaultListableBeanFactory     : Autowiring by type from bean name 'tomcatWebServerFactoryCustomizer' via factory method to bean named 'environment'
2026-07-02T11:06:08.446+05:30 DEBUG 11944 --- [dispatch-service] [           main] o.s.b.f.s.DefaultListableBeanFactory     : Autowiring by type from bean name 'tomcatWebServerFactoryCustomizer' via factory method to bean named 'server-org.springframework.boot.web.server.autoconfigure.ServerProperties'
2026-07-02T11:06:08.446+05:30 DEBUG 11944 --- [dispatch-service] [           main] o.s.b.f.s.DefaultListableBeanFactory     : Autowiring by type from bean name 'tomcatWebServerFactoryCustomizer' via factory method to bean named 'server.tomcat-org.springframework.boot.tomcat.autoconfigure.TomcatServerProperties'
2026-07-02T11:06:08.446+05:30 DEBUG 11944 --- [dispatch-service] [           main] o.s.b.f.s.DefaultListableBeanFactory     : Autowiring by type from bean name 'tomcatWebServerFactoryCustomizer' via factory method to bean named 'spring.web-org.springframework.boot.autoconfigure.web.WebProperties'
2026-07-02T11:06:08.451+05:30 DEBUG 11944 --- [dispatch-service] [           main] o.s.b.f.s.DefaultListableBeanFactory     : Creating shared instance of singleton bean 'tomcatServletWebServerFactoryCustomizer'
2026-07-02T11:06:08.451+05:30 DEBUG 11944 --- [dispatch-service] [           main] o.s.b.f.s.DefaultListableBeanFactory     : Autowiring by type from bean name 'tomcatServletWebServerFactoryCustomizer' via factory method to bean named 'server.tomcat-org.springframework.boot.tomcat.autoconfigure.TomcatServerProperties'
2026-07-02T11:06:08.461+05:30 DEBUG 11944 --- [dispatch-service] [           main] o.s.b.f.s.DefaultListableBeanFactory     : Creating shared instance of singleton bean 'errorPageCustomizer'
2026-07-02T11:06:08.462+05:30 DEBUG 11944 --- [dispatch-service] [           main] o.s.b.f.s.DefaultListableBeanFactory     : Creating shared instance of singleton bean 'org.springframework.boot.webmvc.autoconfigure.error.ErrorMvcAutoConfiguration'
2026-07-02T11:06:08.462+05:30 DEBUG 11944 --- [dispatch-service] [           main] o.s.b.f.s.DefaultListableBeanFactory     : Autowiring by type from bean name 'org.springframework.boot.webmvc.autoconfigure.error.ErrorMvcAutoConfiguration' via constructor to bean named 'spring.web-org.springframework.boot.autoconfigure.web.WebProperties'
2026-07-02T11:06:08.463+05:30 DEBUG 11944 --- [dispatch-service] [           main] o.s.b.f.s.DefaultListableBeanFactory     : Creating shared instance of singleton bean 'dispatcherServletRegistration'
2026-07-02T11:06:08.463+05:30 DEBUG 11944 --- [dispatch-service] [           main] o.s.b.f.s.DefaultListableBeanFactory     : Creating shared instance of singleton bean 'org.springframework.boot.webmvc.autoconfigure.DispatcherServletAutoConfiguration$DispatcherServletRegistrationConfiguration'
2026-07-02T11:06:08.464+05:30 DEBUG 11944 --- [dispatch-service] [           main] o.s.b.f.s.DefaultListableBeanFactory     : Creating shared instance of singleton bean 'dispatcherServlet'
2026-07-02T11:06:08.464+05:30 DEBUG 11944 --- [dispatch-service] [           main] o.s.b.f.s.DefaultListableBeanFactory     : Creating shared instance of singleton bean 'org.springframework.boot.webmvc.autoconfigure.DispatcherServletAutoConfiguration$DispatcherServletConfiguration'
2026-07-02T11:06:08.465+05:30 DEBUG 11944 --- [dispatch-service] [           main] o.s.b.f.s.DefaultListableBeanFactory     : Creating shared instance of singleton bean 'spring.mvc-org.springframework.boot.webmvc.autoconfigure.WebMvcProperties'
2026-07-02T11:06:08.467+05:30 DEBUG 11944 --- [dispatch-service] [           main] o.s.b.f.s.DefaultListableBeanFactory     : Autowiring by type from bean name 'dispatcherServlet' via factory method to bean named 'spring.mvc-org.springframework.boot.webmvc.autoconfigure.WebMvcProperties'
2026-07-02T11:06:08.480+05:30 DEBUG 11944 --- [dispatch-service] [           main] o.s.b.f.s.DefaultListableBeanFactory     : Autowiring by type from bean name 'dispatcherServletRegistration' via factory method to bean named 'dispatcherServlet'
2026-07-02T11:06:08.481+05:30 DEBUG 11944 --- [dispatch-service] [           main] o.s.b.f.s.DefaultListableBeanFactory     : Autowiring by type from bean name 'dispatcherServletRegistration' via factory method to bean named 'spring.mvc-org.springframework.boot.webmvc.autoconfigure.WebMvcProperties'
2026-07-02T11:06:08.482+05:30 DEBUG 11944 --- [dispatch-service] [           main] o.s.b.f.s.DefaultListableBeanFactory     : Creating shared instance of singleton bean 'multipartConfigElement'
2026-07-02T11:06:08.482+05:30 DEBUG 11944 --- [dispatch-service] [           main] o.s.b.f.s.DefaultListableBeanFactory     : Creating shared instance of singleton bean 'org.springframework.boot.servlet.autoconfigure.MultipartAutoConfiguration'
2026-07-02T11:06:08.482+05:30 DEBUG 11944 --- [dispatch-service] [           main] o.s.b.f.s.DefaultListableBeanFactory     : Creating shared instance of singleton bean 'spring.servlet.multipart-org.springframework.boot.servlet.autoconfigure.MultipartProperties'
2026-07-02T11:06:08.484+05:30 DEBUG 11944 --- [dispatch-service] [           main] o.s.b.f.s.DefaultListableBeanFactory     : Autowiring by type from bean name 'org.springframework.boot.servlet.autoconfigure.MultipartAutoConfiguration' via constructor to bean named 'spring.servlet.multipart-org.springframework.boot.servlet.autoconfigure.MultipartProperties'
2026-07-02T11:06:08.489+05:30 DEBUG 11944 --- [dispatch-service] [           main] o.s.b.f.s.DefaultListableBeanFactory     : Autowiring by type from bean name 'errorPageCustomizer' via factory method to bean named 'dispatcherServletRegistration'
2026-07-02T11:06:08.537+05:30  INFO 11944 --- [dispatch-service] [           main] o.s.boot.tomcat.TomcatWebServer          : Tomcat initialized with port 8082 (http)
2026-07-02T11:06:08.545+05:30  INFO 11944 --- [dispatch-service] [           main] o.apache.catalina.core.StandardService   : Starting service [Tomcat]
2026-07-02T11:06:08.545+05:30  INFO 11944 --- [dispatch-service] [           main] o.apache.catalina.core.StandardEngine    : Starting Servlet engine: [Apache Tomcat/11.0.22]
2026-07-02T11:06:08.576+05:30  INFO 11944 --- [dispatch-service] [           main] b.w.c.s.WebApplicationContextInitializer : Root WebApplicationContext: initialization completed in 909 ms
2026-07-02T11:06:08.578+05:30 DEBUG 11944 --- [dispatch-service] [           main] o.s.b.f.s.DefaultListableBeanFactory     : Creating shared instance of singleton bean 'requestContextFilter'
2026-07-02T11:06:08.582+05:30 DEBUG 11944 --- [dispatch-service] [           main] o.s.b.f.s.DefaultListableBeanFactory     : Creating shared instance of singleton bean 'formContentFilter'
2026-07-02T11:06:08.582+05:30 DEBUG 11944 --- [dispatch-service] [           main] o.s.b.f.s.DefaultListableBeanFactory     : Creating shared instance of singleton bean 'org.springframework.boot.webmvc.autoconfigure.WebMvcAutoConfiguration'
2026-07-02T11:06:08.585+05:30 DEBUG 11944 --- [dispatch-service] [           main] o.s.b.f.s.DefaultListableBeanFactory     : Creating shared instance of singleton bean 'characterEncodingFilter'
2026-07-02T11:06:08.586+05:30 DEBUG 11944 --- [dispatch-service] [           main] o.s.b.f.s.DefaultListableBeanFactory     : Creating shared instance of singleton bean 'org.springframework.boot.servlet.autoconfigure.HttpEncodingAutoConfiguration'
2026-07-02T11:06:08.586+05:30 DEBUG 11944 --- [dispatch-service] [           main] o.s.b.f.s.DefaultListableBeanFactory     : Creating shared instance of singleton bean 'spring.servlet.encoding-org.springframework.boot.servlet.autoconfigure.ServletEncodingProperties'
2026-07-02T11:06:08.587+05:30 DEBUG 11944 --- [dispatch-service] [           main] o.s.b.f.s.DefaultListableBeanFactory     : Autowiring by type from bean name 'characterEncodingFilter' via factory method to bean named 'spring.servlet.encoding-org.springframework.boot.servlet.autoconfigure.ServletEncodingProperties'
2026-07-02T11:06:08.604+05:30 DEBUG 11944 --- [dispatch-service] [           main] o.s.b.f.s.DefaultListableBeanFactory     : Creating shared instance of singleton bean 'applicationTaskExecutor'
2026-07-02T11:06:08.604+05:30 DEBUG 11944 --- [dispatch-service] [           main] o.s.b.f.s.DefaultListableBeanFactory     : Creating shared instance of singleton bean 'org.springframework.boot.autoconfigure.task.TaskExecutorConfigurations$TaskExecutorConfiguration'
2026-07-02T11:06:08.605+05:30 DEBUG 11944 --- [dispatch-service] [           main] o.s.b.f.s.DefaultListableBeanFactory     : Creating shared instance of singleton bean 'threadPoolTaskExecutorBuilder'
2026-07-02T11:06:08.605+05:30 DEBUG 11944 --- [dispatch-service] [           main] o.s.b.f.s.DefaultListableBeanFactory     : Creating shared instance of singleton bean 'org.springframework.boot.autoconfigure.task.TaskExecutorConfigurations$ThreadPoolTaskExecutorBuilderConfiguration'
2026-07-02T11:06:08.606+05:30 DEBUG 11944 --- [dispatch-service] [           main] o.s.b.f.s.DefaultListableBeanFactory     : Creating shared instance of singleton bean 'spring.task.execution-org.springframework.boot.autoconfigure.task.TaskExecutionProperties'
2026-07-02T11:06:08.608+05:30 DEBUG 11944 --- [dispatch-service] [           main] o.s.b.f.s.DefaultListableBeanFactory     : Autowiring by type from bean name 'threadPoolTaskExecutorBuilder' via factory method to bean named 'spring.task.execution-org.springframework.boot.autoconfigure.task.TaskExecutionProperties'
2026-07-02T11:06:08.610+05:30 DEBUG 11944 --- [dispatch-service] [           main] o.s.b.f.s.DefaultListableBeanFactory     : Autowiring by type from bean name 'applicationTaskExecutor' via factory method to bean named 'threadPoolTaskExecutorBuilder'
2026-07-02T11:06:08.619+05:30 DEBUG 11944 --- [dispatch-service] [           main] o.s.b.f.s.DefaultListableBeanFactory     : Creating shared instance of singleton bean 'dataSourceScriptDatabaseInitializer'
2026-07-02T11:06:08.619+05:30 DEBUG 11944 --- [dispatch-service] [           main] o.s.b.f.s.DefaultListableBeanFactory     : Creating shared instance of singleton bean 'org.springframework.boot.jdbc.autoconfigure.DataSourceInitializationAutoConfiguration'
2026-07-02T11:06:08.619+05:30 DEBUG 11944 --- [dispatch-service] [           main] o.s.b.f.s.DefaultListableBeanFactory     : Creating shared instance of singleton bean 'dataSource'
2026-07-02T11:06:08.619+05:30 DEBUG 11944 --- [dispatch-service] [           main] o.s.b.f.s.DefaultListableBeanFactory     : Creating shared instance of singleton bean 'org.springframework.boot.jdbc.autoconfigure.DataSourceConfiguration$Hikari'
2026-07-02T11:06:08.620+05:30 DEBUG 11944 --- [dispatch-service] [           main] o.s.b.f.s.DefaultListableBeanFactory     : Creating shared instance of singleton bean 'spring.datasource-org.springframework.boot.jdbc.autoconfigure.DataSourceProperties'
2026-07-02T11:06:08.624+05:30 DEBUG 11944 --- [dispatch-service] [           main] o.s.b.f.s.DefaultListableBeanFactory     : Creating shared instance of singleton bean 'jdbcConnectionDetails'
2026-07-02T11:06:08.624+05:30 DEBUG 11944 --- [dispatch-service] [           main] o.s.b.f.s.DefaultListableBeanFactory     : Creating shared instance of singleton bean 'org.springframework.boot.jdbc.autoconfigure.DataSourceAutoConfiguration$PooledDataSourceConfiguration'
2026-07-02T11:06:08.625+05:30 DEBUG 11944 --- [dispatch-service] [           main] o.s.b.f.s.DefaultListableBeanFactory     : Autowiring by type from bean name 'jdbcConnectionDetails' via factory method to bean named 'spring.datasource-org.springframework.boot.jdbc.autoconfigure.DataSourceProperties'
2026-07-02T11:06:08.626+05:30 DEBUG 11944 --- [dispatch-service] [           main] o.s.b.f.s.DefaultListableBeanFactory     : Autowiring by type from bean name 'dataSource' via factory method to bean named 'spring.datasource-org.springframework.boot.jdbc.autoconfigure.DataSourceProperties'
2026-07-02T11:06:08.626+05:30 DEBUG 11944 --- [dispatch-service] [           main] o.s.b.f.s.DefaultListableBeanFactory     : Autowiring by type from bean name 'dataSource' via factory method to bean named 'jdbcConnectionDetails'
2026-07-02T11:06:08.626+05:30 DEBUG 11944 --- [dispatch-service] [           main] o.s.b.f.s.DefaultListableBeanFactory     : Autowiring by type from bean name 'dataSource' via factory method to bean named 'environment'
2026-07-02T11:06:08.641+05:30 DEBUG 11944 --- [dispatch-service] [           main] o.s.b.f.s.DefaultListableBeanFactory     : Creating shared instance of singleton bean 'spring.sql.init-org.springframework.boot.sql.autoconfigure.init.SqlInitializationProperties'
2026-07-02T11:06:08.642+05:30 DEBUG 11944 --- [dispatch-service] [           main] o.s.b.f.s.DefaultListableBeanFactory     : Autowiring by type from bean name 'dataSourceScriptDatabaseInitializer' via factory method to bean named 'dataSource'
2026-07-02T11:06:08.642+05:30 DEBUG 11944 --- [dispatch-service] [           main] o.s.b.f.s.DefaultListableBeanFactory     : Autowiring by type from bean name 'dataSourceScriptDatabaseInitializer' via factory method to bean named 'spring.sql.init-org.springframework.boot.sql.autoconfigure.init.SqlInitializationProperties'
2026-07-02T11:06:08.646+05:30 DEBUG 11944 --- [dispatch-service] [           main] o.s.b.f.s.DefaultListableBeanFactory     : Creating shared instance of singleton bean 'entityManagerFactory'
2026-07-02T11:06:08.646+05:30 DEBUG 11944 --- [dispatch-service] [           main] o.s.b.f.s.DefaultListableBeanFactory     : Creating shared instance of singleton bean 'org.springframework.boot.hibernate.autoconfigure.HibernateJpaConfiguration'
2026-07-02T11:06:08.647+05:30 DEBUG 11944 --- [dispatch-service] [           main] o.s.b.f.s.DefaultListableBeanFactory     : Creating shared instance of singleton bean 'spring.jpa-org.springframework.boot.jpa.autoconfigure.JpaProperties'
2026-07-02T11:06:08.649+05:30 DEBUG 11944 --- [dispatch-service] [           main] o.s.b.f.s.DefaultListableBeanFactory     : Creating shared instance of singleton bean 'spring.jpa.hibernate-org.springframework.boot.hibernate.autoconfigure.HibernateProperties'
2026-07-02T11:06:08.650+05:30 DEBUG 11944 --- [dispatch-service] [           main] o.s.b.f.s.DefaultListableBeanFactory     : Autowiring by type from bean name 'org.springframework.boot.hibernate.autoconfigure.HibernateJpaConfiguration' via constructor to bean named 'dataSource'
2026-07-02T11:06:08.650+05:30 DEBUG 11944 --- [dispatch-service] [           main] o.s.b.f.s.DefaultListableBeanFactory     : Autowiring by type from bean name 'org.springframework.boot.hibernate.autoconfigure.HibernateJpaConfiguration' via constructor to bean named 'spring.jpa-org.springframework.boot.jpa.autoconfigure.JpaProperties'
2026-07-02T11:06:08.651+05:30 DEBUG 11944 --- [dispatch-service] [           main] o.s.b.f.s.DefaultListableBeanFactory     : Autowiring by type from bean name 'org.springframework.boot.hibernate.autoconfigure.HibernateJpaConfiguration' via constructor to bean named 'spring.jpa.hibernate-org.springframework.boot.hibernate.autoconfigure.HibernateProperties'
2026-07-02T11:06:08.652+05:30 DEBUG 11944 --- [dispatch-service] [           main] o.s.b.f.s.DefaultListableBeanFactory     : Creating shared instance of singleton bean 'hikariPoolDataSourceMetadataProvider'
2026-07-02T11:06:08.652+05:30 DEBUG 11944 --- [dispatch-service] [           main] o.s.b.f.s.DefaultListableBeanFactory     : Creating shared instance of singleton bean 'org.springframework.boot.jdbc.autoconfigure.DataSourcePoolMetadataProvidersConfiguration$HikariPoolDataSourceMetadataProviderConfiguration'
2026-07-02T11:06:08.657+05:30 DEBUG 11944 --- [dispatch-service] [           main] o.s.b.f.s.DefaultListableBeanFactory     : Creating shared instance of singleton bean 'entityManagerFactoryBuilder'
2026-07-02T11:06:08.657+05:30 DEBUG 11944 --- [dispatch-service] [           main] o.s.b.f.s.DefaultListableBeanFactory     : Creating shared instance of singleton bean 'jpaVendorAdapter'
2026-07-02T11:06:08.674+05:30 DEBUG 11944 --- [dispatch-service] [           main] o.s.b.f.s.DefaultListableBeanFactory     : Autowiring by type from bean name 'entityManagerFactoryBuilder' via factory method to bean named 'jpaVendorAdapter'
2026-07-02T11:06:08.674+05:30 DEBUG 11944 --- [dispatch-service] [           main] o.s.b.f.s.DefaultListableBeanFactory     : Autowiring by type from bean name 'entityManagerFactoryBuilder' via factory method to bean named 'applicationTaskExecutor'
2026-07-02T11:06:08.676+05:30 DEBUG 11944 --- [dispatch-service] [           main] o.s.b.f.s.DefaultListableBeanFactory     : Creating shared instance of singleton bean 'persistenceManagedTypes'
2026-07-02T11:06:08.676+05:30 DEBUG 11944 --- [dispatch-service] [           main] o.s.b.f.s.DefaultListableBeanFactory     : Autowiring by type from bean name 'persistenceManagedTypes' via factory method to bean named 'org.springframework.beans.factory.support.DefaultListableBeanFactory@9cd25ff'
2026-07-02T11:06:08.676+05:30 DEBUG 11944 --- [dispatch-service] [           main] o.s.b.f.s.DefaultListableBeanFactory     : Autowiring by type from bean name 'persistenceManagedTypes' via factory method to bean named 'org.springframework.boot.web.server.servlet.context.AnnotationConfigServletWebServerApplicationContext@788fcafb'
2026-07-02T11:06:08.680+05:30 DEBUG 11944 --- [dispatch-service] [           main] o.s.b.f.s.DefaultListableBeanFactory     : Autowiring by type from bean name 'entityManagerFactory' via factory method to bean named 'entityManagerFactoryBuilder'
2026-07-02T11:06:08.680+05:30 DEBUG 11944 --- [dispatch-service] [           main] o.s.b.f.s.DefaultListableBeanFactory     : Autowiring by type from bean name 'entityManagerFactory' via factory method to bean named 'persistenceManagedTypes'
2026-07-02T11:06:08.694+05:30  INFO 11944 --- [dispatch-service] [           main] org.hibernate.orm.jpa                    : HHH008540: Processing PersistenceUnitInfo [name: default]
2026-07-02T11:06:08.722+05:30  INFO 11944 --- [dispatch-service] [           main] org.hibernate.orm.core                   : HHH000001: Hibernate ORM core version 7.4.1.Final
2026-07-02T11:06:08.917+05:30  INFO 11944 --- [dispatch-service] [           main] o.s.o.j.p.SpringPersistenceUnitInfo      : No LoadTimeWeaver setup: ignoring JPA class transformer
2026-07-02T11:06:08.933+05:30  INFO 11944 --- [dispatch-service] [           main] com.zaxxer.hikari.HikariDataSource       : HikariPool-1 - Starting...
2026-07-02T11:06:09.002+05:30  INFO 11944 --- [dispatch-service] [           main] com.zaxxer.hikari.pool.HikariPool        : HikariPool-1 - Added connection org.postgresql.jdbc.PgConnection@5870fc05
2026-07-02T11:06:09.003+05:30  INFO 11944 --- [dispatch-service] [           main] com.zaxxer.hikari.HikariDataSource       : HikariPool-1 - Start completed.
2026-07-02T11:06:09.027+05:30  WARN 11944 --- [dispatch-service] [           main] org.hibernate.orm.deprecation            : HHH90000025: PostgreSQLDialect does not need to be specified explicitly using 'hibernate.dialect' (remove the property setting and it will be selected by default)
2026-07-02T11:06:09.043+05:30  INFO 11944 --- [dispatch-service] [           main] org.hibernate.orm.connections.pooling    : HHH10001005: Database info:
	Database JDBC URL [jdbc:postgresql://localhost:5432/emergency_service]
	Database driver: PostgreSQL JDBC Driver
	Database dialect: PostgreSQLDialect
	Database version: 17.10
	Default catalog/schema: emergency_service/public
	Autocommit mode: undefined/unknown
	Isolation level: READ_COMMITTED [default READ_COMMITTED]
	JDBC fetch size: none
	Pool: DataSourceConnectionProvider
	Minimum pool size: undefined/unknown
	Maximum pool size: undefined/unknown
2026-07-02T11:06:09.483+05:30  INFO 11944 --- [dispatch-service] [           main] org.hibernate.orm.core                   : HHH000489: No JTA platform available (set 'hibernate.transaction.jta.platform' to enable JTA platform integration)
2026-07-02T11:06:09.537+05:30  INFO 11944 --- [dispatch-service] [           main] j.LocalContainerEntityManagerFactoryBean : Initialized JPA EntityManagerFactory for persistence unit 'default'
2026-07-02T11:06:09.555+05:30 DEBUG 11944 --- [dispatch-service] [           main] o.s.b.f.s.DefaultListableBeanFactory     : Creating shared instance of singleton bean 'dispatchServiceApplication'
2026-07-02T11:06:09.556+05:30 DEBUG 11944 --- [dispatch-service] [           main] o.s.b.f.s.DefaultListableBeanFactory     : Creating shared instance of singleton bean 'rabbitMqConfig'
2026-07-02T11:06:09.558+05:30 DEBUG 11944 --- [dispatch-service] [           main] o.s.b.f.s.DefaultListableBeanFactory     : Creating shared instance of singleton bean 'dispatchController'
2026-07-02T11:06:09.560+05:30 DEBUG 11944 --- [dispatch-service] [           main] o.s.b.f.s.DefaultListableBeanFactory     : Creating shared instance of singleton bean 'dispatchServiceImpl'
2026-07-02T11:06:09.561+05:30 DEBUG 11944 --- [dispatch-service] [           main] o.s.b.f.s.DefaultListableBeanFactory     : Creating shared instance of singleton bean 'responderSelectionServiceImpl'
2026-07-02T11:06:09.561+05:30 DEBUG 11944 --- [dispatch-service] [           main] o.s.b.f.s.DefaultListableBeanFactory     : Creating shared instance of singleton bean 'geoServiceImpl'
2026-07-02T11:06:09.562+05:30 DEBUG 11944 --- [dispatch-service] [           main] o.s.b.f.s.DefaultListableBeanFactory     : Creating shared instance of singleton bean 'responderLocationRepository'
2026-07-02T11:06:09.565+05:30 DEBUG 11944 --- [dispatch-service] [           main] o.s.b.f.s.DefaultListableBeanFactory     : Creating shared instance of singleton bean 'jpa.named-queries#1'
2026-07-02T11:06:09.568+05:30 DEBUG 11944 --- [dispatch-service] [           main] o.s.b.f.s.DefaultListableBeanFactory     : Creating shared instance of singleton bean 'jpa.ResponderLocationRepository.fragments#0'
2026-07-02T11:06:09.574+05:30 DEBUG 11944 --- [dispatch-service] [           main] o.s.b.f.s.DefaultListableBeanFactory     : Creating shared instance of singleton bean 'jpaSharedEM_entityManagerFactory'
2026-07-02T11:06:09.600+05:30 DEBUG 11944 --- [dispatch-service] [           main] o.s.b.f.s.DefaultListableBeanFactory     : Creating shared instance of singleton bean 'jpaMappingContext'
2026-07-02T11:06:09.623+05:30  INFO 11944 --- [dispatch-service] [           main] o.s.d.j.r.query.QueryEnhancerFactories   : Hibernate is in classpath; If applicable, HQL parser will be used.
2026-07-02T11:06:09.916+05:30 DEBUG 11944 --- [dispatch-service] [           main] o.s.b.f.s.DefaultListableBeanFactory     : Autowiring by type from bean name 'responderSelectionServiceImpl' via constructor to bean named 'geoServiceImpl'
2026-07-02T11:06:09.916+05:30 DEBUG 11944 --- [dispatch-service] [           main] o.s.b.f.s.DefaultListableBeanFactory     : Autowiring by type from bean name 'responderSelectionServiceImpl' via constructor to bean named 'responderLocationRepository'
2026-07-02T11:06:09.917+05:30 DEBUG 11944 --- [dispatch-service] [           main] o.s.b.f.s.DefaultListableBeanFactory     : Creating shared instance of singleton bean 'dispatchEventProducer'
2026-07-02T11:06:09.917+05:30 DEBUG 11944 --- [dispatch-service] [           main] o.s.b.f.s.DefaultListableBeanFactory     : Creating shared instance of singleton bean 'rabbitTemplate'
2026-07-02T11:06:09.917+05:30 DEBUG 11944 --- [dispatch-service] [           main] o.s.b.f.s.DefaultListableBeanFactory     : Creating shared instance of singleton bean 'org.springframework.boot.amqp.autoconfigure.RabbitAutoConfiguration$RabbitTemplateConfiguration'
2026-07-02T11:06:09.918+05:30 DEBUG 11944 --- [dispatch-service] [           main] o.s.b.f.s.DefaultListableBeanFactory     : Creating shared instance of singleton bean 'rabbitTemplateConfigurer'
2026-07-02T11:06:09.919+05:30 DEBUG 11944 --- [dispatch-service] [           main] o.s.b.f.s.DefaultListableBeanFactory     : Creating shared instance of singleton bean 'spring.rabbitmq-org.springframework.boot.amqp.autoconfigure.RabbitProperties'
2026-07-02T11:06:09.925+05:30 DEBUG 11944 --- [dispatch-service] [           main] o.s.b.f.s.DefaultListableBeanFactory     : Autowiring by type from bean name 'rabbitTemplateConfigurer' via factory method to bean named 'spring.rabbitmq-org.springframework.boot.amqp.autoconfigure.RabbitProperties'
2026-07-02T11:06:09.925+05:30 DEBUG 11944 --- [dispatch-service] [           main] o.s.b.f.s.DefaultListableBeanFactory     : Creating shared instance of singleton bean 'messageConverter'
2026-07-02T11:06:09.937+05:30 DEBUG 11944 --- [dispatch-service] [           main] o.s.b.f.s.DefaultListableBeanFactory     : Creating shared instance of singleton bean 'rabbitConnectionFactory'
2026-07-02T11:06:09.937+05:30 DEBUG 11944 --- [dispatch-service] [           main] o.s.b.f.s.DefaultListableBeanFactory     : Creating shared instance of singleton bean 'org.springframework.boot.amqp.autoconfigure.RabbitAutoConfiguration$RabbitConnectionFactoryCreator'
2026-07-02T11:06:09.938+05:30 DEBUG 11944 --- [dispatch-service] [           main] o.s.b.f.s.DefaultListableBeanFactory     : Autowiring by type from bean name 'org.springframework.boot.amqp.autoconfigure.RabbitAutoConfiguration$RabbitConnectionFactoryCreator' via constructor to bean named 'spring.rabbitmq-org.springframework.boot.amqp.autoconfigure.RabbitProperties'
2026-07-02T11:06:09.939+05:30 DEBUG 11944 --- [dispatch-service] [           main] o.s.b.f.s.DefaultListableBeanFactory     : Creating shared instance of singleton bean 'rabbitConnectionFactoryBeanConfigurer'
2026-07-02T11:06:09.940+05:30 DEBUG 11944 --- [dispatch-service] [           main] o.s.b.f.s.DefaultListableBeanFactory     : Creating shared instance of singleton bean 'rabbitConnectionDetails'
2026-07-02T11:06:09.941+05:30 DEBUG 11944 --- [dispatch-service] [           main] o.s.b.f.s.DefaultListableBeanFactory     : Autowiring by type from bean name 'rabbitConnectionFactoryBeanConfigurer' via factory method to bean named 'org.springframework.boot.web.server.servlet.context.AnnotationConfigServletWebServerApplicationContext@788fcafb'
2026-07-02T11:06:09.941+05:30 DEBUG 11944 --- [dispatch-service] [           main] o.s.b.f.s.DefaultListableBeanFactory     : Autowiring by type from bean name 'rabbitConnectionFactoryBeanConfigurer' via factory method to bean named 'rabbitConnectionDetails'
2026-07-02T11:06:09.943+05:30 DEBUG 11944 --- [dispatch-service] [           main] o.s.b.f.s.DefaultListableBeanFactory     : Creating shared instance of singleton bean 'rabbitConnectionFactoryConfigurer'
2026-07-02T11:06:09.944+05:30 DEBUG 11944 --- [dispatch-service] [           main] o.s.b.f.s.DefaultListableBeanFactory     : Autowiring by type from bean name 'rabbitConnectionFactoryConfigurer' via factory method to bean named 'rabbitConnectionDetails'
2026-07-02T11:06:09.945+05:30 DEBUG 11944 --- [dispatch-service] [           main] o.s.b.f.s.DefaultListableBeanFactory     : Autowiring by type from bean name 'rabbitConnectionFactory' via factory method to bean named 'rabbitConnectionFactoryBeanConfigurer'
2026-07-02T11:06:09.945+05:30 DEBUG 11944 --- [dispatch-service] [           main] o.s.b.f.s.DefaultListableBeanFactory     : Autowiring by type from bean name 'rabbitConnectionFactory' via factory method to bean named 'rabbitConnectionFactoryConfigurer'
2026-07-02T11:06:10.020+05:30 DEBUG 11944 --- [dispatch-service] [           main] o.s.b.f.s.DefaultListableBeanFactory     : Autowiring by type from bean name 'rabbitTemplate' via factory method to bean named 'rabbitTemplateConfigurer'
2026-07-02T11:06:10.020+05:30 DEBUG 11944 --- [dispatch-service] [           main] o.s.b.f.s.DefaultListableBeanFactory     : Autowiring by type from bean name 'rabbitTemplate' via factory method to bean named 'rabbitConnectionFactory'
2026-07-02T11:06:10.046+05:30 DEBUG 11944 --- [dispatch-service] [           main] o.s.b.f.s.DefaultListableBeanFactory     : Autowiring by type from bean name 'dispatchEventProducer' via constructor to bean named 'rabbitTemplate'
2026-07-02T11:06:10.047+05:30 DEBUG 11944 --- [dispatch-service] [           main] o.s.b.f.s.DefaultListableBeanFactory     : Creating shared instance of singleton bean 'dispatchAssignmentRepository'
2026-07-02T11:06:10.047+05:30 DEBUG 11944 --- [dispatch-service] [           main] o.s.b.f.s.DefaultListableBeanFactory     : Creating shared instance of singleton bean 'jpa.named-queries#0'
2026-07-02T11:06:10.048+05:30 DEBUG 11944 --- [dispatch-service] [           main] o.s.b.f.s.DefaultListableBeanFactory     : Creating shared instance of singleton bean 'jpa.DispatchAssignmentRepository.fragments#0'
2026-07-02T11:06:10.078+05:30 DEBUG 11944 --- [dispatch-service] [           main] o.s.b.f.s.DefaultListableBeanFactory     : Creating shared instance of singleton bean 'dispatchLogRepository'
2026-07-02T11:06:10.079+05:30 DEBUG 11944 --- [dispatch-service] [           main] o.s.b.f.s.DefaultListableBeanFactory     : Creating shared instance of singleton bean 'jpa.named-queries#2'
2026-07-02T11:06:10.080+05:30 DEBUG 11944 --- [dispatch-service] [           main] o.s.b.f.s.DefaultListableBeanFactory     : Creating shared instance of singleton bean 'jpa.DispatchLogRepository.fragments#0'
2026-07-02T11:06:10.093+05:30  WARN 11944 --- [dispatch-service] [           main] ConfigServletWebServerApplicationContext : Exception encountered during context initialization - cancelling refresh attempt: org.springframework.beans.factory.UnsatisfiedDependencyException: Error creating bean with name 'dispatchController' defined in file [/Users/puneetagnihotri/Desktop/RAKSHAK/dispatch_service/target/classes/com/dispatch_service/Controller/DispatchController.class]: Unsatisfied dependency expressed through constructor parameter 0: Error creating bean with name 'dispatchServiceImpl' defined in file [/Users/puneetagnihotri/Desktop/RAKSHAK/dispatch_service/target/classes/com/dispatch_service/ServiceImpl/DispatchServiceImpl.class]: Unsatisfied dependency expressed through constructor parameter 6: No qualifying bean of type 'com.dispatch_service.Mapper.DispatchMapper' available: expected at least 1 bean which qualifies as autowire candidate. Dependency annotations: {}
2026-07-02T11:06:10.095+05:30  INFO 11944 --- [dispatch-service] [           main] j.LocalContainerEntityManagerFactoryBean : Closing JPA EntityManagerFactory for persistence unit 'default'
2026-07-02T11:06:10.096+05:30  INFO 11944 --- [dispatch-service] [           main] com.zaxxer.hikari.HikariDataSource       : HikariPool-1 - Shutdown initiated...
2026-07-02T11:06:10.097+05:30  INFO 11944 --- [dispatch-service] [           main] com.zaxxer.hikari.HikariDataSource       : HikariPool-1 - Shutdown completed.
2026-07-02T11:06:10.098+05:30  INFO 11944 --- [dispatch-service] [           main] o.apache.catalina.core.StandardService   : Stopping service [Tomcat]
2026-07-02T11:06:10.106+05:30  INFO 11944 --- [dispatch-service] [           main] .s.b.a.l.ConditionEvaluationReportLogger : 

Error starting ApplicationContext. To display the condition evaluation report re-run your application with 'debug' enabled.
2026-07-02T11:06:10.114+05:30 ERROR 11944 --- [dispatch-service] [           main] o.s.b.d.LoggingFailureAnalysisReporter   : 

***************************
APPLICATION FAILED TO START
***************************

Description:

Parameter 6 of constructor in com.dispatch_service.ServiceImpl.DispatchServiceImpl required a bean of type 'com.dispatch_service.Mapper.DispatchMapper' that could not be found.


Action:

Consider defining a bean of type 'com.dispatch_service.Mapper.DispatchMapper' in your configuration.

[INFO] ------------------------------------------------------------------------
[INFO] BUILD FAILURE
[INFO] ------------------------------------------------------------------------
[INFO] Total time:  5.278 s
[INFO] Finished at: 2026-07-02T11:06:10+05:30
[INFO] ------------------------------------------------------------------------
[ERROR] Failed to execute goal org.springframework.boot:spring-boot-maven-plugin:4.1.0:run (default-cli) on project dispatch_service: Process terminated with exit code: 1 -> [Help 1]
[ERROR] 
[ERROR] To see the full stack trace of the errors, re-run Maven with the -e switch.
[ERROR] Re-run Maven using the -X switch to enable full debug logging.
[ERROR] 
[ERROR] For more information about the errors and possible solutions, please read the following articles:
[ERROR] [Help 1] http://cwiki.apache.org/confluence/display/MAVEN/MojoExecutionException
