[INFO] Scanning for projects...
[INFO] 
[INFO] ---------------< com.dispatch_service:dispatch_service >----------------
[INFO] Building dispatch_service 0.0.1-SNAPSHOT
[INFO]   from pom.xml
[INFO] --------------------------------[ jar ]---------------------------------
[INFO] 
[INFO] >>> spring-boot:4.1.0:run (default-cli) > test-compile @ dispatch_service >>>
[INFO] 
[INFO] --- resources:3.5.0:resources (default-resources) @ dispatch_service ---
[INFO] Copying 1 resource from src/main/resources to target/classes
[INFO] Copying 0 resource from src/main/resources to target/classes
[INFO] 
[INFO] --- compiler:3.13.0:compile (default-compile) @ dispatch_service ---
[INFO] Nothing to compile - all classes are up to date.
[INFO] 
[INFO] --- resources:3.5.0:testResources (default-testResources) @ dispatch_service ---
[INFO] skip non existing resourceDirectory /Users/puneetagnihotri/Desktop/RAKSHAK/dispatch_service/src/test/resources
[INFO] 
[INFO] --- compiler:3.13.0:testCompile (default-testCompile) @ dispatch_service ---
[INFO] Nothing to compile - all classes are up to date.
[INFO] 
[INFO] <<< spring-boot:4.1.0:run (default-cli) < test-compile @ dispatch_service <<<
[INFO] 
[INFO] 
[INFO] --- spring-boot:4.1.0:run (default-cli) @ dispatch_service ---
[INFO] Attaching agents: []

  .   ____          _            __ _ _
 /\\ / ___'_ __ _ _(_)_ __  __ _ \ \ \ \
( ( )\___ | '_ | '_| | '_ \/ _` | \ \ \ \
 \\/  ___)| |_)| | | | | || (_| |  ) ) ) )
  '  |____| .__|_| |_|_| |_\__, | / / / /
 =========|_|==============|___/=/_/_/_/

 :: Spring Boot ::                (v4.1.0)

2026-07-02T11:03:10.634+05:30 TRACE 11212 --- [dispatch-service] [           main] o.s.c.a.ClassPathBeanDefinitionScanner   : JSR-330 'jakarta.inject.Named' annotation found and supported for component scanning
2026-07-02T11:03:10.643+05:30  INFO 11212 --- [dispatch-service] [           main] c.d.DispatchServiceApplication           : Starting DispatchServiceApplication using Java 25.0.1 with PID 11212 (/Users/puneetagnihotri/Desktop/RAKSHAK/dispatch_service/target/classes started by puneetagnihotri in /Users/puneetagnihotri/Desktop/RAKSHAK/dispatch_service)
2026-07-02T11:03:10.644+05:30  INFO 11212 --- [dispatch-service] [           main] c.d.DispatchServiceApplication           : No active profile set, falling back to 1 default profile: "default"
2026-07-02T11:03:10.647+05:30 TRACE 11212 --- [dispatch-service] [           main] o.s.c.a.ClassPathBeanDefinitionScanner   : JSR-330 'jakarta.inject.Named' annotation found and supported for component scanning
2026-07-02T11:03:10.692+05:30 TRACE 11212 --- [dispatch-service] [           main] o.s.c.a.ClassPathBeanDefinitionScanner   : JSR-330 'jakarta.inject.Named' annotation found and supported for component scanning
2026-07-02T11:03:10.699+05:30 TRACE 11212 --- [dispatch-service] [           main] o.s.c.a.ClassPathBeanDefinitionScanner   : Scanning file [/Users/puneetagnihotri/Desktop/RAKSHAK/dispatch_service/target/classes/com/dispatch_service/Config/RabbitMqConfig.class]
2026-07-02T11:03:10.709+05:30 DEBUG 11212 --- [dispatch-service] [           main] o.s.c.a.ClassPathBeanDefinitionScanner   : Identified candidate component class: file [/Users/puneetagnihotri/Desktop/RAKSHAK/dispatch_service/target/classes/com/dispatch_service/Config/RabbitMqConfig.class]
2026-07-02T11:03:10.709+05:30 TRACE 11212 --- [dispatch-service] [           main] o.s.c.a.ClassPathBeanDefinitionScanner   : Scanning file [/Users/puneetagnihotri/Desktop/RAKSHAK/dispatch_service/target/classes/com/dispatch_service/Controller/DispatchController.class]
2026-07-02T11:03:10.716+05:30 DEBUG 11212 --- [dispatch-service] [           main] o.s.c.a.ClassPathBeanDefinitionScanner   : Identified candidate component class: file [/Users/puneetagnihotri/Desktop/RAKSHAK/dispatch_service/target/classes/com/dispatch_service/Controller/DispatchController.class]
2026-07-02T11:03:10.716+05:30 TRACE 11212 --- [dispatch-service] [           main] o.s.c.a.ClassPathBeanDefinitionScanner   : Scanning file [/Users/puneetagnihotri/Desktop/RAKSHAK/dispatch_service/target/classes/com/dispatch_service/DispatchServiceApplication.class]
2026-07-02T11:03:10.716+05:30 TRACE 11212 --- [dispatch-service] [           main] o.s.c.a.ClassPathBeanDefinitionScanner   : Ignored because not matching any filter: file [/Users/puneetagnihotri/Desktop/RAKSHAK/dispatch_service/target/classes/com/dispatch_service/DispatchServiceApplication.class]
2026-07-02T11:03:10.716+05:30 TRACE 11212 --- [dispatch-service] [           main] o.s.c.a.ClassPathBeanDefinitionScanner   : Scanning file [/Users/puneetagnihotri/Desktop/RAKSHAK/dispatch_service/target/classes/com/dispatch_service/Entity/DispatchAssignment.class]
2026-07-02T11:03:10.718+05:30 TRACE 11212 --- [dispatch-service] [           main] o.s.c.a.ClassPathBeanDefinitionScanner   : Ignored because not matching any filter: file [/Users/puneetagnihotri/Desktop/RAKSHAK/dispatch_service/target/classes/com/dispatch_service/Entity/DispatchAssignment.class]
2026-07-02T11:03:10.718+05:30 TRACE 11212 --- [dispatch-service] [           main] o.s.c.a.ClassPathBeanDefinitionScanner   : Scanning file [/Users/puneetagnihotri/Desktop/RAKSHAK/dispatch_service/target/classes/com/dispatch_service/Entity/DispatchLog.class]
2026-07-02T11:03:10.718+05:30 TRACE 11212 --- [dispatch-service] [           main] o.s.c.a.ClassPathBeanDefinitionScanner   : Ignored because not matching any filter: file [/Users/puneetagnihotri/Desktop/RAKSHAK/dispatch_service/target/classes/com/dispatch_service/Entity/DispatchLog.class]
2026-07-02T11:03:10.718+05:30 TRACE 11212 --- [dispatch-service] [           main] o.s.c.a.ClassPathBeanDefinitionScanner   : Scanning file [/Users/puneetagnihotri/Desktop/RAKSHAK/dispatch_service/target/classes/com/dispatch_service/Entity/ResponderLocation.class]
2026-07-02T11:03:10.719+05:30 TRACE 11212 --- [dispatch-service] [           main] o.s.c.a.ClassPathBeanDefinitionScanner   : Ignored because not matching any filter: file [/Users/puneetagnihotri/Desktop/RAKSHAK/dispatch_service/target/classes/com/dispatch_service/Entity/ResponderLocation.class]
2026-07-02T11:03:10.719+05:30 TRACE 11212 --- [dispatch-service] [           main] o.s.c.a.ClassPathBeanDefinitionScanner   : Scanning file [/Users/puneetagnihotri/Desktop/RAKSHAK/dispatch_service/target/classes/com/dispatch_service/Enums/AssignmentStatus.class]
2026-07-02T11:03:10.719+05:30 TRACE 11212 --- [dispatch-service] [           main] o.s.c.a.ClassPathBeanDefinitionScanner   : Ignored because not matching any filter: file [/Users/puneetagnihotri/Desktop/RAKSHAK/dispatch_service/target/classes/com/dispatch_service/Enums/AssignmentStatus.class]
2026-07-02T11:03:10.719+05:30 TRACE 11212 --- [dispatch-service] [           main] o.s.c.a.ClassPathBeanDefinitionScanner   : Scanning file [/Users/puneetagnihotri/Desktop/RAKSHAK/dispatch_service/target/classes/com/dispatch_service/Enums/EmergencyType.class]
2026-07-02T11:03:10.720+05:30 TRACE 11212 --- [dispatch-service] [           main] o.s.c.a.ClassPathBeanDefinitionScanner   : Ignored because not matching any filter: file [/Users/puneetagnihotri/Desktop/RAKSHAK/dispatch_service/target/classes/com/dispatch_service/Enums/EmergencyType.class]
2026-07-02T11:03:10.720+05:30 TRACE 11212 --- [dispatch-service] [           main] o.s.c.a.ClassPathBeanDefinitionScanner   : Scanning file [/Users/puneetagnihotri/Desktop/RAKSHAK/dispatch_service/target/classes/com/dispatch_service/Enums/Priority.class]
2026-07-02T11:03:10.720+05:30 TRACE 11212 --- [dispatch-service] [           main] o.s.c.a.ClassPathBeanDefinitionScanner   : Ignored because not matching any filter: file [/Users/puneetagnihotri/Desktop/RAKSHAK/dispatch_service/target/classes/com/dispatch_service/Enums/Priority.class]
2026-07-02T11:03:10.720+05:30 TRACE 11212 --- [dispatch-service] [           main] o.s.c.a.ClassPathBeanDefinitionScanner   : Scanning file [/Users/puneetagnihotri/Desktop/RAKSHAK/dispatch_service/target/classes/com/dispatch_service/Mapper/DispatchMapper.class]
2026-07-02T11:03:10.720+05:30 TRACE 11212 --- [dispatch-service] [           main] o.s.c.a.ClassPathBeanDefinitionScanner   : Ignored because not matching any filter: file [/Users/puneetagnihotri/Desktop/RAKSHAK/dispatch_service/target/classes/com/dispatch_service/Mapper/DispatchMapper.class]
2026-07-02T11:03:10.720+05:30 TRACE 11212 --- [dispatch-service] [           main] o.s.c.a.ClassPathBeanDefinitionScanner   : Scanning file [/Users/puneetagnihotri/Desktop/RAKSHAK/dispatch_service/target/classes/com/dispatch_service/Mapper/DispatchMapperImpl.class]
2026-07-02T11:03:10.721+05:30 DEBUG 11212 --- [dispatch-service] [           main] o.s.c.a.ClassPathBeanDefinitionScanner   : Identified candidate component class: file [/Users/puneetagnihotri/Desktop/RAKSHAK/dispatch_service/target/classes/com/dispatch_service/Mapper/DispatchMapperImpl.class]
2026-07-02T11:03:10.721+05:30 TRACE 11212 --- [dispatch-service] [           main] o.s.c.a.ClassPathBeanDefinitionScanner   : Scanning file [/Users/puneetagnihotri/Desktop/RAKSHAK/dispatch_service/target/classes/com/dispatch_service/Repository/DispatchAssignmentRepository.class]
2026-07-02T11:03:10.724+05:30 TRACE 11212 --- [dispatch-service] [           main] o.s.c.a.ClassPathBeanDefinitionScanner   : Ignored because not matching any filter: file [/Users/puneetagnihotri/Desktop/RAKSHAK/dispatch_service/target/classes/com/dispatch_service/Repository/DispatchAssignmentRepository.class]
2026-07-02T11:03:10.724+05:30 TRACE 11212 --- [dispatch-service] [           main] o.s.c.a.ClassPathBeanDefinitionScanner   : Scanning file [/Users/puneetagnihotri/Desktop/RAKSHAK/dispatch_service/target/classes/com/dispatch_service/Repository/DispatchLogRepository.class]
2026-07-02T11:03:10.725+05:30 TRACE 11212 --- [dispatch-service] [           main] o.s.c.a.ClassPathBeanDefinitionScanner   : Ignored because not matching any filter: file [/Users/puneetagnihotri/Desktop/RAKSHAK/dispatch_service/target/classes/com/dispatch_service/Repository/DispatchLogRepository.class]
2026-07-02T11:03:10.725+05:30 TRACE 11212 --- [dispatch-service] [           main] o.s.c.a.ClassPathBeanDefinitionScanner   : Scanning file [/Users/puneetagnihotri/Desktop/RAKSHAK/dispatch_service/target/classes/com/dispatch_service/Repository/ResponderLocationRepository.class]
2026-07-02T11:03:10.726+05:30 TRACE 11212 --- [dispatch-service] [           main] o.s.c.a.ClassPathBeanDefinitionScanner   : Ignored because not matching any filter: file [/Users/puneetagnihotri/Desktop/RAKSHAK/dispatch_service/target/classes/com/dispatch_service/Repository/ResponderLocationRepository.class]
2026-07-02T11:03:10.726+05:30 TRACE 11212 --- [dispatch-service] [           main] o.s.c.a.ClassPathBeanDefinitionScanner   : Scanning file [/Users/puneetagnihotri/Desktop/RAKSHAK/dispatch_service/target/classes/com/dispatch_service/Service/DispatchService.class]
2026-07-02T11:03:10.726+05:30 TRACE 11212 --- [dispatch-service] [           main] o.s.c.a.ClassPathBeanDefinitionScanner   : Ignored because not matching any filter: file [/Users/puneetagnihotri/Desktop/RAKSHAK/dispatch_service/target/classes/com/dispatch_service/Service/DispatchService.class]
2026-07-02T11:03:10.726+05:30 TRACE 11212 --- [dispatch-service] [           main] o.s.c.a.ClassPathBeanDefinitionScanner   : Scanning file [/Users/puneetagnihotri/Desktop/RAKSHAK/dispatch_service/target/classes/com/dispatch_service/Service/GeoService.class]
2026-07-02T11:03:10.726+05:30 TRACE 11212 --- [dispatch-service] [           main] o.s.c.a.ClassPathBeanDefinitionScanner   : Ignored because not matching any filter: file [/Users/puneetagnihotri/Desktop/RAKSHAK/dispatch_service/target/classes/com/dispatch_service/Service/GeoService.class]
2026-07-02T11:03:10.726+05:30 TRACE 11212 --- [dispatch-service] [           main] o.s.c.a.ClassPathBeanDefinitionScanner   : Scanning file [/Users/puneetagnihotri/Desktop/RAKSHAK/dispatch_service/target/classes/com/dispatch_service/Service/ResponderSelectionService.class]
2026-07-02T11:03:10.726+05:30 TRACE 11212 --- [dispatch-service] [           main] o.s.c.a.ClassPathBeanDefinitionScanner   : Ignored because not matching any filter: file [/Users/puneetagnihotri/Desktop/RAKSHAK/dispatch_service/target/classes/com/dispatch_service/Service/ResponderSelectionService.class]
2026-07-02T11:03:10.726+05:30 TRACE 11212 --- [dispatch-service] [           main] o.s.c.a.ClassPathBeanDefinitionScanner   : Scanning file [/Users/puneetagnihotri/Desktop/RAKSHAK/dispatch_service/target/classes/com/dispatch_service/ServiceImpl/DispatchServiceImpl.class]
2026-07-02T11:03:10.727+05:30 DEBUG 11212 --- [dispatch-service] [           main] o.s.c.a.ClassPathBeanDefinitionScanner   : Identified candidate component class: file [/Users/puneetagnihotri/Desktop/RAKSHAK/dispatch_service/target/classes/com/dispatch_service/ServiceImpl/DispatchServiceImpl.class]
2026-07-02T11:03:10.727+05:30 TRACE 11212 --- [dispatch-service] [           main] o.s.c.a.ClassPathBeanDefinitionScanner   : Scanning file [/Users/puneetagnihotri/Desktop/RAKSHAK/dispatch_service/target/classes/com/dispatch_service/ServiceImpl/GeoServiceImpl.class]
2026-07-02T11:03:10.727+05:30 DEBUG 11212 --- [dispatch-service] [           main] o.s.c.a.ClassPathBeanDefinitionScanner   : Identified candidate component class: file [/Users/puneetagnihotri/Desktop/RAKSHAK/dispatch_service/target/classes/com/dispatch_service/ServiceImpl/GeoServiceImpl.class]
2026-07-02T11:03:10.727+05:30 TRACE 11212 --- [dispatch-service] [           main] o.s.c.a.ClassPathBeanDefinitionScanner   : Scanning file [/Users/puneetagnihotri/Desktop/RAKSHAK/dispatch_service/target/classes/com/dispatch_service/ServiceImpl/ResponderSelectionServiceImpl.class]
2026-07-02T11:03:10.727+05:30 DEBUG 11212 --- [dispatch-service] [           main] o.s.c.a.ClassPathBeanDefinitionScanner   : Identified candidate component class: file [/Users/puneetagnihotri/Desktop/RAKSHAK/dispatch_service/target/classes/com/dispatch_service/ServiceImpl/ResponderSelectionServiceImpl.class]
2026-07-02T11:03:10.727+05:30 TRACE 11212 --- [dispatch-service] [           main] o.s.c.a.ClassPathBeanDefinitionScanner   : Scanning file [/Users/puneetagnihotri/Desktop/RAKSHAK/dispatch_service/target/classes/com/dispatch_service/event/Constant/RabbitMqConstant.class]
2026-07-02T11:03:10.727+05:30 TRACE 11212 --- [dispatch-service] [           main] o.s.c.a.ClassPathBeanDefinitionScanner   : Ignored because not matching any filter: file [/Users/puneetagnihotri/Desktop/RAKSHAK/dispatch_service/target/classes/com/dispatch_service/event/Constant/RabbitMqConstant.class]
2026-07-02T11:03:10.727+05:30 TRACE 11212 --- [dispatch-service] [           main] o.s.c.a.ClassPathBeanDefinitionScanner   : Scanning file [/Users/puneetagnihotri/Desktop/RAKSHAK/dispatch_service/target/classes/com/dispatch_service/event/Consumer/EmergencyEventConsumer.class]
2026-07-02T11:03:10.730+05:30 DEBUG 11212 --- [dispatch-service] [           main] o.s.c.a.ClassPathBeanDefinitionScanner   : Identified candidate component class: file [/Users/puneetagnihotri/Desktop/RAKSHAK/dispatch_service/target/classes/com/dispatch_service/event/Consumer/EmergencyEventConsumer.class]
2026-07-02T11:03:10.730+05:30 TRACE 11212 --- [dispatch-service] [           main] o.s.c.a.ClassPathBeanDefinitionScanner   : Scanning file [/Users/puneetagnihotri/Desktop/RAKSHAK/dispatch_service/target/classes/com/dispatch_service/event/model/EmergencyCreatedEvent.class]
2026-07-02T11:03:10.730+05:30 TRACE 11212 --- [dispatch-service] [           main] o.s.c.a.ClassPathBeanDefinitionScanner   : Ignored because not matching any filter: file [/Users/puneetagnihotri/Desktop/RAKSHAK/dispatch_service/target/classes/com/dispatch_service/event/model/EmergencyCreatedEvent.class]
2026-07-02T11:03:10.730+05:30 TRACE 11212 --- [dispatch-service] [           main] o.s.c.a.ClassPathBeanDefinitionScanner   : Scanning file [/Users/puneetagnihotri/Desktop/RAKSHAK/dispatch_service/target/classes/com/dispatch_service/event/model/ResponderAssignedEvent.class]
2026-07-02T11:03:10.730+05:30 TRACE 11212 --- [dispatch-service] [           main] o.s.c.a.ClassPathBeanDefinitionScanner   : Ignored because not matching any filter: file [/Users/puneetagnihotri/Desktop/RAKSHAK/dispatch_service/target/classes/com/dispatch_service/event/model/ResponderAssignedEvent.class]
2026-07-02T11:03:10.731+05:30 TRACE 11212 --- [dispatch-service] [           main] o.s.c.a.ClassPathBeanDefinitionScanner   : Scanning file [/Users/puneetagnihotri/Desktop/RAKSHAK/dispatch_service/target/classes/com/dispatch_service/event/producer/DispatchEventProducer.class]
2026-07-02T11:03:10.731+05:30 DEBUG 11212 --- [dispatch-service] [           main] o.s.c.a.ClassPathBeanDefinitionScanner   : Identified candidate component class: file [/Users/puneetagnihotri/Desktop/RAKSHAK/dispatch_service/target/classes/com/dispatch_service/event/producer/DispatchEventProducer.class]
2026-07-02T11:03:11.061+05:30  INFO 11212 --- [dispatch-service] [           main] .s.d.r.c.RepositoryConfigurationDelegate : Bootstrapping Spring Data JPA repositories in DEFAULT mode.
2026-07-02T11:03:11.129+05:30 TRACE 11212 --- [dispatch-service] [           main] ssPathScanningCandidateComponentProvider : Scanning file [/Users/puneetagnihotri/Desktop/RAKSHAK/dispatch_service/target/classes/com/dispatch_service/Mapper/DispatchMapperImpl.class]
2026-07-02T11:03:11.129+05:30 DEBUG 11212 --- [dispatch-service] [           main] ssPathScanningCandidateComponentProvider : Identified candidate component class: file [/Users/puneetagnihotri/Desktop/RAKSHAK/dispatch_service/target/classes/com/dispatch_service/Mapper/DispatchMapperImpl.class]
2026-07-02T11:03:11.129+05:30 TRACE 11212 --- [dispatch-service] [           main] ssPathScanningCandidateComponentProvider : Scanning file [/Users/puneetagnihotri/Desktop/RAKSHAK/dispatch_service/target/classes/com/dispatch_service/ServiceImpl/DispatchServiceImpl.class]
2026-07-02T11:03:11.129+05:30 DEBUG 11212 --- [dispatch-service] [           main] ssPathScanningCandidateComponentProvider : Identified candidate component class: file [/Users/puneetagnihotri/Desktop/RAKSHAK/dispatch_service/target/classes/com/dispatch_service/ServiceImpl/DispatchServiceImpl.class]
2026-07-02T11:03:11.129+05:30 TRACE 11212 --- [dispatch-service] [           main] ssPathScanningCandidateComponentProvider : Scanning file [/Users/puneetagnihotri/Desktop/RAKSHAK/dispatch_service/target/classes/com/dispatch_service/ServiceImpl/GeoServiceImpl.class]
2026-07-02T11:03:11.129+05:30 DEBUG 11212 --- [dispatch-service] [           main] ssPathScanningCandidateComponentProvider : Identified candidate component class: file [/Users/puneetagnihotri/Desktop/RAKSHAK/dispatch_service/target/classes/com/dispatch_service/ServiceImpl/GeoServiceImpl.class]
2026-07-02T11:03:11.129+05:30 TRACE 11212 --- [dispatch-service] [           main] ssPathScanningCandidateComponentProvider : Scanning file [/Users/puneetagnihotri/Desktop/RAKSHAK/dispatch_service/target/classes/com/dispatch_service/ServiceImpl/ResponderSelectionServiceImpl.class]
2026-07-02T11:03:11.129+05:30 DEBUG 11212 --- [dispatch-service] [           main] ssPathScanningCandidateComponentProvider : Identified candidate component class: file [/Users/puneetagnihotri/Desktop/RAKSHAK/dispatch_service/target/classes/com/dispatch_service/ServiceImpl/ResponderSelectionServiceImpl.class]
2026-07-02T11:03:11.133+05:30  INFO 11212 --- [dispatch-service] [           main] .s.d.r.c.RepositoryConfigurationDelegate : Finished Spring Data repository scanning in 69 ms. Found 3 JPA repository interfaces.
2026-07-02T11:03:11.255+05:30  INFO 11212 --- [dispatch-service] [           main] o.s.cloud.context.scope.GenericScope     : BeanFactory id=e602249b-d391-356a-8dfa-2f5a6dce3127
2026-07-02T11:03:11.528+05:30  INFO 11212 --- [dispatch-service] [           main] o.s.boot.tomcat.TomcatWebServer          : Tomcat initialized with port 8082 (http)
2026-07-02T11:03:11.535+05:30  INFO 11212 --- [dispatch-service] [           main] o.apache.catalina.core.StandardService   : Starting service [Tomcat]
2026-07-02T11:03:11.535+05:30  INFO 11212 --- [dispatch-service] [           main] o.apache.catalina.core.StandardEngine    : Starting Servlet engine: [Apache Tomcat/11.0.22]
2026-07-02T11:03:11.566+05:30  INFO 11212 --- [dispatch-service] [           main] b.w.c.s.WebApplicationContextInitializer : Root WebApplicationContext: initialization completed in 900 ms
2026-07-02T11:03:11.679+05:30  INFO 11212 --- [dispatch-service] [           main] org.hibernate.orm.jpa                    : HHH008540: Processing PersistenceUnitInfo [name: default]
2026-07-02T11:03:11.707+05:30  INFO 11212 --- [dispatch-service] [           main] org.hibernate.orm.core                   : HHH000001: Hibernate ORM core version 7.4.1.Final
2026-07-02T11:03:11.898+05:30  INFO 11212 --- [dispatch-service] [           main] o.s.o.j.p.SpringPersistenceUnitInfo      : No LoadTimeWeaver setup: ignoring JPA class transformer
2026-07-02T11:03:11.913+05:30  INFO 11212 --- [dispatch-service] [           main] com.zaxxer.hikari.HikariDataSource       : HikariPool-1 - Starting...
2026-07-02T11:03:11.985+05:30  INFO 11212 --- [dispatch-service] [           main] com.zaxxer.hikari.pool.HikariPool        : HikariPool-1 - Added connection org.postgresql.jdbc.PgConnection@1e5e3147
2026-07-02T11:03:11.985+05:30  INFO 11212 --- [dispatch-service] [           main] com.zaxxer.hikari.HikariDataSource       : HikariPool-1 - Start completed.
2026-07-02T11:03:12.012+05:30  WARN 11212 --- [dispatch-service] [           main] org.hibernate.orm.deprecation            : HHH90000025: PostgreSQLDialect does not need to be specified explicitly using 'hibernate.dialect' (remove the property setting and it will be selected by default)
2026-07-02T11:03:12.028+05:30  INFO 11212 --- [dispatch-service] [           main] org.hibernate.orm.connections.pooling    : HHH10001005: Database info:
	Database JDBC URL [jdbc:postgresql://localhost:5432/emergency_service]
	Database driver: PostgreSQL JDBC Driver
	Database dialect: PostgreSQLDialect
	Database version: 17.10
	Default catalog/schema: emergency_service/public
	Autocommit mode: undefined/unknown
	Isolation level: READ_COMMITTED [default READ_COMMITTED]
	JDBC fetch size: none
	Pool: DataSourceConnectionProvider
	Minimum pool size: undefined/unknown
	Maximum pool size: undefined/unknown
2026-07-02T11:03:12.464+05:30  INFO 11212 --- [dispatch-service] [           main] org.hibernate.orm.core                   : HHH000489: No JTA platform available (set 'hibernate.transaction.jta.platform' to enable JTA platform integration)
2026-07-02T11:03:12.519+05:30  INFO 11212 --- [dispatch-service] [           main] j.LocalContainerEntityManagerFactoryBean : Initialized JPA EntityManagerFactory for persistence unit 'default'
2026-07-02T11:03:12.606+05:30  INFO 11212 --- [dispatch-service] [           main] o.s.d.j.r.query.QueryEnhancerFactories   : Hibernate is in classpath; If applicable, HQL parser will be used.
2026-07-02T11:03:13.077+05:30  WARN 11212 --- [dispatch-service] [           main] ConfigServletWebServerApplicationContext : Exception encountered during context initialization - cancelling refresh attempt: org.springframework.beans.factory.UnsatisfiedDependencyException: Error creating bean with name 'dispatchController' defined in file [/Users/puneetagnihotri/Desktop/RAKSHAK/dispatch_service/target/classes/com/dispatch_service/Controller/DispatchController.class]: Unsatisfied dependency expressed through constructor parameter 0: Error creating bean with name 'dispatchServiceImpl' defined in file [/Users/puneetagnihotri/Desktop/RAKSHAK/dispatch_service/target/classes/com/dispatch_service/ServiceImpl/DispatchServiceImpl.class]: Unsatisfied dependency expressed through constructor parameter 6: No qualifying bean of type 'com.dispatch_service.Mapper.DispatchMapper' available: expected at least 1 bean which qualifies as autowire candidate. Dependency annotations: {}
2026-07-02T11:03:13.079+05:30  INFO 11212 --- [dispatch-service] [           main] j.LocalContainerEntityManagerFactoryBean : Closing JPA EntityManagerFactory for persistence unit 'default'
2026-07-02T11:03:13.080+05:30  INFO 11212 --- [dispatch-service] [           main] com.zaxxer.hikari.HikariDataSource       : HikariPool-1 - Shutdown initiated...
2026-07-02T11:03:13.081+05:30  INFO 11212 --- [dispatch-service] [           main] com.zaxxer.hikari.HikariDataSource       : HikariPool-1 - Shutdown completed.
2026-07-02T11:03:13.082+05:30  INFO 11212 --- [dispatch-service] [           main] o.apache.catalina.core.StandardService   : Stopping service [Tomcat]
2026-07-02T11:03:13.091+05:30  INFO 11212 --- [dispatch-service] [           main] .s.b.a.l.ConditionEvaluationReportLogger : 

Error starting ApplicationContext. To display the condition evaluation report re-run your application with 'debug' enabled.
2026-07-02T11:03:13.098+05:30 ERROR 11212 --- [dispatch-service] [           main] o.s.b.d.LoggingFailureAnalysisReporter   : 

***************************
APPLICATION FAILED TO START
***************************

Description:

Parameter 6 of constructor in com.dispatch_service.ServiceImpl.DispatchServiceImpl required a bean of type 'com.dispatch_service.Mapper.DispatchMapper' that could not be found.


Action:

Consider defining a bean of type 'com.dispatch_service.Mapper.DispatchMapper' in your configuration.

[INFO] ------------------------------------------------------------------------
[INFO] BUILD FAILURE
[INFO] ------------------------------------------------------------------------
[INFO] Total time:  4.180 s
[INFO] Finished at: 2026-07-02T11:03:13+05:30
[INFO] ------------------------------------------------------------------------
[ERROR] Failed to execute goal org.springframework.boot:spring-boot-maven-plugin:4.1.0:run (default-cli) on project dispatch_service: Process terminated with exit code: 1 -> [Help 1]
[ERROR] 
[ERROR] To see the full stack trace of the errors, re-run Maven with the -e switch.
[ERROR] Re-run Maven using the -X switch to enable full debug logging.
[ERROR] 
[ERROR] For more information about the errors and possible solutions, please read the following articles:
[ERROR] [Help 1] http://cwiki.apache.org/confluence/display/MAVEN/MojoExecutionException
